#-----------------------------------------------------------
# Vivado v2025.1 (64-bit)
# SW Build 6140274 on Thu May 22 00:12:29 MDT 2025
# IP Build 6138677 on Thu May 22 03:10:11 MDT 2025
# SharedData Build 6139179 on Tue May 20 17:58:58 MDT 2025
# Start of session at: Mon Dec 29 13:48:44 2025
# Process ID         : 25124
# Current directory  : C:/Users/rapha/OneDrive/Dokumente/Schule/.Diplomarbeit/WaelederCpuGit/WaelderCPU/waelderCPU_Vivado
# Command line       : vivado.exe -gui_launcher_event rodinguilauncherevent19340 C:\Users\rapha\OneDrive\Dokumente\Schule\.Diplomarbeit\WaelederCpuGit\WaelderCPU\waelderCPU_Vivado\waelderCPU.xpr
# Log file           : C:/Users/rapha/OneDrive/Dokumente/Schule/.Diplomarbeit/WaelederCpuGit/WaelderCPU/waelderCPU_Vivado/vivado.log
# Journal file       : C:/Users/rapha/OneDrive/Dokumente/Schule/.Diplomarbeit/WaelederCpuGit/WaelderCPU/waelderCPU_Vivado\vivado.jou
# Running On         : Raphael-mobile
# Platform           : Windows Server 2016 or Windows 10
# Operating System   : 26100
# Processor Detail   : 13th Gen Intel(R) Core(TM) i9-13900H
# CPU Frequency      : 2995 MHz
# CPU Physical cores : 14
# CPU Logical cores  : 20
# Host memory        : 16780 MB
# Swap memory        : 9126 MB
# Total Virtual      : 25907 MB
# Available Virtual  : 12636 MB
#-----------------------------------------------------------
start_gui
open_project C:/Users/rapha/OneDrive/Dokumente/Schule/.Diplomarbeit/WaelederCpuGit/WaelderCPU/waelderCPU_Vivado/waelderCPU.xpr
update_compile_order -fileset sources_1
synth_design -top waelderMain -part xc7s50csga324-1 -lint 
synth_design -top waelderMain -part xc7s50csga324-1 -lint 
